// Jest Snapshot v1, https://goo.gl/fbAQLP

exports[`<Footer /> should render with default props 1`] = `
<Footer
  align="center"
  colorIndex="brand"
  direction="row"
  primary={true}
  responsive={false}
>
  <Box
    announce={false}
    direction="row"
    focusable={true}
    full="horizontal"
    pad="large"
    responsive={true}
    tag="div"
  >
    <Box
      announce={false}
      basis="1/3"
      direction="column"
      focusable={true}
      justify="center"
      pad="none"
      responsive={true}
      tag="div"
    />
    <Box
      announce={false}
      basis="1/3"
      direction="column"
      focusable={true}
      justify="center"
      pad="none"
      responsive={true}
      tag="div"
    >
      <Heading
        align="center"
        className="post-feed-item--header"
        tag="h3"
      >
        Â© 2017 Grommet Labs
      </Heading>
    </Box>
    <Box
      announce={false}
      basis="1/3"
      direction="column"
      focusable={true}
      justify="center"
      pad="none"
      responsive={true}
      tag="div"
    >
      <Anchor
        align="end"
        animateIcon={true}
        href="mailto:hello@grommet.io"
        method="push"
        tag="a"
      >
        Get in touch
      </Anchor>
      <Anchor
        align="end"
        animateIcon={true}
        href="https://grommet.io"
        method="push"
        tag="a"
      >
        https://grommet.io
      </Anchor>
    </Box>
  </Box>
</Footer>
`;
